[Bootstrap]
SetupTitle=Install
SetupText=Copying Files, please stand by.
CabFile=ScanTech.CAB
Spawn=Setup1.exe
Uninstal=st6unst.exe
TmpDir=msftqws.pdw
Cabs=1

[Bootstrap Files]
File1=@VB6STKIT.DLL,$(WinSysPathSysFile),,,7/14/00 11:00:00 PM,101888,6.0.84.50
File2=@COMCAT.DLL,$(WinSysPathSysFile),$(DLLSelfRegister),,5/30/98 11:00:00 PM,22288,4.71.1460.1
File3=@STDOLE2.TLB,$(WinSysPathSysFile),$(TLBRegister),,6/2/99 11:00:00 PM,17920,2.40.4275.1
File4=@ASYCFILT.DLL,$(WinSysPathSysFile),,,3/7/99 11:00:00 PM,147728,2.40.4275.1
File5=@OLEPRO32.DLL,$(WinSysPathSysFile),$(DLLSelfRegister),,3/7/99 11:00:00 PM,164112,5.0.4275.1
File6=@OLEAUT32.DLL,$(WinSysPathSysFile),$(DLLSelfRegister),,4/11/00 11:00:00 PM,598288,2.40.4275.1
File7=@MSVBVM60.dll,$(WinSysPathSysFile),$(DLLSelfRegister),,2/23/04 8:42:40 PM,1386496,6.0.97.82

[IconGroups]
Group0=Scan Tech
PrivateGroup0=-1
Parent0=$(Programs)

[Scan Tech]
Icon1="ScanTech.exe"
Title1=Scan Tech
StartIn1=$(AppPath)

[Setup]
Title=Scan Tech Generic
DefaultDir=$(ProgramFiles)\OBD Scan Tech
AppExe=ScanTech.exe
AppToUninstall=ScanTech.exe

[Setup1 Files]
File1=@ScanTech.exe.manifest,$(AppPath),,,8/26/05 3:22:08 PM,665,0.0.0.0
File2=@System Requirement.rtf,$(AppPath)\Help,,,10/11/05 7:38:14 PM,759,0.0.0.0
File3=@Setting.rtf,$(AppPath)\Help,,,10/11/05 7:45:58 PM,4435,0.0.0.0
File4=@Scope.rtf,$(AppPath)\Help,,,10/13/05 12:33:04 PM,1704,0.0.0.0
File5=@Record Log.rtf,$(AppPath)\Help,,,12/20/04 1:27:46 AM,3839,0.0.0.0
File6=@Read Me.txt,$(AppPath)\Help,,,10/14/03 12:43:46 PM,123,0.0.0.0
File7=@Mode6.rtf,$(AppPath)\Help,,,10/11/05 7:47:28 PM,1884,0.0.0.0
File8=@Mode5.rtf,$(AppPath)\Help,,,10/11/05 7:47:40 PM,1923,0.0.0.0
File9=@Large Display.rtf,$(AppPath)\Help,,,11/9/03 5:07:44 PM,1347,0.0.0.0
File10=@Guages.rtf,$(AppPath)\Help,,,12/20/04 1:34:18 AM,5270,0.0.0.0
File11=@Getting Started.rtf,$(AppPath)\Help,,,12/20/04 1:37:18 AM,7847,0.0.0.0
File12=@DTC.rtf,$(AppPath)\Help,,,11/9/03 5:06:30 PM,408,0.0.0.0
File13=@ConnLog.dat,$(AppPath)\Log,,,2/7/07 6:01:20 PM,427,0.0.0.0
File14=@Terms.mdb,$(AppPath)\System,,,2/8/03 3:28:14 PM,55296,0.0.0.0
File15=@Requirement.txt,$(AppPath)\System,,,10/11/05 7:53:22 PM,1928,0.0.0.0
File16=@MPGAve1.mdb,$(AppPath)\System,,,8/29/05 10:45:26 AM,47104,0.0.0.0
File17=@LogRecords.mdb,$(AppPath)\System,,,8/29/05 10:23:34 AM,116736,0.0.0.0
File18=@CreateMPGAve1.mdb,$(AppPath)\System,,,8/29/05 10:45:26 AM,47104,0.0.0.0
File19=@COMCTL32.OCX,$(WinSysPath),$(DLLSelfRegister),$(Shared),4/15/05 3:58:18 PM,1351392,6.0.81.6
File20=@RICHED32.DLL,$(WinSysPathSysFile),,,5/6/98 11:00:00 PM,174352,4.0.993.4
File21=@RICHTX32.OCX,$(WinSysPath),$(DLLSelfRegister),$(Shared),3/9/04 12:00:00 AM,212240,6.1.97.82
File22=@MSCOMCTL.OCX,$(WinSysPath),$(DLLSelfRegister),$(Shared),4/15/05 3:58:16 PM,1071088,6.1.97.86
File23=@MSFLXGRD.OCX,$(WinSysPath),$(DLLSelfRegister),$(Shared),3/9/04 12:00:00 AM,260880,6.1.97.82
File24=@tabctl32.ocx,$(WinSysPath),$(DLLSelfRegister),$(Shared),3/9/04 12:00:00 AM,224016,6.1.97.82
File25=@mscomm32.ocx,$(WinSysPath),$(DLLSelfRegister),$(Shared),6/24/98 1:00:00 AM,103744,6.0.81.69
File26=@MSSTDFMT.DLL,$(WinSysPath),$(DLLSelfRegister),$(Shared),2/23/04 12:00:00 AM,119808,6.1.97.82
File27=@VB5DB.DLL,$(WinSysPath),,$(Shared),6/18/98 12:00:00 AM,89360,6.0.81.69
File28=@msjtes40.dll,$(WinSysPathSysFile),$(DLLSelfRegister),,3/1/04 10:55:29 AM,241693,4.0.8618.0
File29=@msrepl40.dll,$(WinSysPathSysFile),,,3/1/04 10:55:35 AM,552989,4.0.8015.0
File30=@msrd3x40.dll,$(WinSysPathSysFile),$(DLLSelfRegister),,3/1/04 10:55:33 AM,315423,4.0.6508.0
File31=@msrd2x40.dll,$(WinSysPathSysFile),$(DLLSelfRegister),,3/1/04 10:55:32 AM,421919,4.0.7328.0
File32=@mswdat10.dll,$(WinSysPathSysFile),,,3/1/04 10:55:37 AM,831519,4.0.6508.0
File33=@mswstr10.dll,$(WinSysPathSysFile),,,3/1/04 10:55:38 AM,614431,4.0.6508.0
File34=@expsrv.dll,$(WinSysPathSysFile),,,3/16/04 10:44:18 AM,380957,6.0.72.9589
File35=@vbajet32.dll,$(WinSysPathSysFile),,,3/16/04 10:44:16 AM,30749,6.0.1.9431
File36=@msjint40.dll,$(WinSysPathSysFile),,,3/1/04 10:55:28 AM,151583,4.0.6508.0
File37=@msjter40.dll,$(WinSysPathSysFile),,,3/1/04 10:55:28 AM,53279,4.0.6508.0
File38=@msjet40.dll,$(WinSysPathSysFile),$(DLLSelfRegister),,3/16/04 10:44:10 AM,1507356,4.0.8618.0
File39=@dao360.dll,$(MSDAOPath),$(DLLSelfRegister),$(Shared),3/1/04 10:55:22 AM,561179,3.60.8618.0
File40=@ScanTech.exe,$(AppPath),,,11/4/06 11:13:22 AM,2568192,0.69.0.0

; The following lines may be deleted in order to obtain extra 
; space for customizing this file on a full installation diskette.
; 
; XXXXXXXXXXXXXXXXXXXXXXXXXXXXXXXXXXXXXXXXXXXXXXXXXXXXXXXXXXXX
; XXXXXXXXXXXXXXXXXXXXXXXXXXXXXXXXXXXXXXXXXXXXXXXXXXXXXXXXXXXX
; XXXXXXXXXXXXXXXXXXXXXXXXXXXXXXXXXXXXXXXXXXXXXXXXXXXXXXXXXXXX
; XXXXXXXXXXXXXXXXXXXXXXXXXXXXXXXXXXXXXXXXXXXXXXXXXXXXXXXXXXXX
; XXXXXXXXXXXXXXXXXXXXXXXXXXXXXXXXXXXXXXXXXXXXXXXXXXXXXXXXXXXX
; XXXXXXXXXXXXXXXXXXXXXXXXXXXXXXXXXXXXXXXXXXXXXXXXXXXXXXXXXXXX
; XXXXXXXXXXXXXXXXXXXXXXXXXXXXXXXXXXXXXXXXXXXXXXXXXXXXXXXXXXXX
; XXXXXXXXXXXXXXXXXXXXXXXXXXXXXXXXXXXXXXXXXXXXXXXXXXXXXXXXXXXX
; XXXXXXXXXXXXXXXXXXXXXXXXXXXXXXXXXXXXXXXXXXXXXXXXXXXXXXXXXXXX
; XXXXXXXXXXXXXXXXXXXXXXXXXXXXXXXXXXXXXXXXXXXXXXXXXXXXXXXXXXXX
; XXXXXXXXXXXXXXXXXXXXXXXXXXXXXXXXXXXXXXXXXXXXXXXXXXXXXXXXXXXX
; XXXXXXXXXXXXXXXXXXXXXXXXXXXXXXXXXXXXXXXXXXXXXXXXXXXXXXXXXXXX
; XXXXXXXXXXXXXXXXXXXXXXXXXXXXXXXXXXXXXXXXXXXXXXXXXXXXXXXXXXXX
; XXXXXXXXXXXXXXXXXXXXXXXXXXXXXXXXXXXXXXXXXXXXXXXXXXXXXXXXXXXX
; XXXXXXXXXXXXXXXXXXXXXXXXXXXXXXXXXXXXXXXXXXXXXXXXXXXXXXXXXXXX
; XXXXXXXXXXXXXXXXXXXXXXXXXXXXXXXXXXXXXXXXXXXXXXXXXXXXXXXXXXXX
; XXXXXXXXXXXXXXXXXXXXXXXXXXXXXXXXXXXXXXXXXXXXXXXXXXXXXXXXXXXX
; XXXXXXXXXXXXXXXXXXXXXXXXXXXXXXXXXXXXXXXXXXXXXXXXXXXXXXXXXXXX
; XXXXXXXXXXXXXXXXXXXXXXXXXXXXXXXXXXXXXXXXXXXXXXXXXXXXXXXXXXXX
; XXXXXXXXXXXXXXXXXXXXXXXXXXXXXXXXXXXXXXXXXXXXXXXXXXXXXXXXXXXX
; XXXXXXXXXXXXXXXXXXXXXXXXXXXXXXXXXXXXXXXXXXXXXXXXXXXXXXXXXXXX
; XXXXXXXXXXXXXXXXXXXXXXXXXXXXXXXXXXXXXXXXXXXXXXXXXXXXXXXXXXXX
; XXXXXXXXXXXXXXXXXXXXXXXXXXXXXXXXXXXXXXXXXXXXXXXXXXXXXXXXXXXX
; XXXXXXXXXXXXXXXXXXXXXXXXXXXXXXXXXXXXXXXXXXXXXXXXXXXXXXXXXXXX
; XXXXXXXXXXXXXXXXXXXXXXXXXXXXXXXXXXXXXXXXXXXXXXXXXXXXXXXXXXXX
; XXXXXXXXXXXXXXXXXXXXXXXXXXXXXXXXXXXXXXXXXXXXXXXXXXXXXXXXXXXX
; XXXXXXXXXXXXXXXXXXXXXXXXXXXXXXXXXXXXXXXXXXXXXXXXXXXXXXXXXXXX
; XXXXXXXXXXXXXXXXXXXXXXXXXXXXXXXXXXXXXXXXXXXXXXXXXXXXXXXXXXXX
; XXXXXXXXXXXXXXXXXXXXXXXXXXXXXXXXXXXXXXXXXXXXXXXXXXXXXXXXXXXX
; XXXXXXXXXXXXXXXXXXXXXXXXXXXXXXXXXXXXXXXXXXXXXXXXXXXXXXXXXXXX
; XXXXXXXXXXXXXXXXXXXXXXXXXXXXXXXXXXXXXXXXXXXXXXXXXXXXXXXXXXXX
; XXXXXXXXXXXXXXXXXXXXXXXXXXXXXXXXXXXXXXXXXXXXXXXXXXXXXXXXXXXX
; XXXXXXXXXXXXXXXXXXXXXXXXXXXXXXXXXXXXXXXXXXXXXXXXXXXXXXXXXXXX
; XXXXXXXXXXXXXXXXXXXXXXXXXXXXXXXXXXXXXXXXXXXXXXXXXXXXXXXXXXXX
; XXXXXXXXXXXXXXXXXXXXXXXXXXXXXXXXXXXXXXXXXXXXXXXXXXXXXXXXXXXX
